Case 1: 9 hundred 99 trillion 9 hundred 99 billion 9 hundred 99 million 9 hundred 99 thousand 9 hundred 99
Case 2: 99 trillion 9 hundred 99 billion 9 hundred 99 million 9 hundred 99 thousand 9 hundred 99
Case 3: 9 trillion 9 hundred 99 billion 9 hundred 99 million 9 hundred 99 thousand 9 hundred 99
Case 4: 9 hundred 99 billion 9 hundred 99 million 9 hundred 99 thousand 9 hundred 99
Case 5: 99 billion 9 hundred 99 million 9 hundred 99 thousand 9 hundred 99
Case 6: 9 billion 9 hundred 99 million 9 hundred 99 thousand 9 hundred 99
Case 7: 9 hundred 99 million 9 hundred 99 thousand 9 hundred 99
Case 8: 99 million 9 hundred 99 thousand 9 hundred 99
Case 9: 9 million 9 hundred 99 thousand 9 hundred 99
Case 10: 9 hundred 99 thousand 9 hundred 99
Case 11: 99 thousand 9 hundred 99
Case 12: 9 thousand 9 hundred 99
Case 13: 9 hundred 99
Case 14: 99
Case 15: 9
Case 16: 0
Case 17: 9 hundred 99 trillion 9 hundred 99 billion 9 hundred 99 thousand 9 hundred 99
Case 18: 9 hundred trillion 9
Case 19: 9 hundred trillion
Case 20: 9 hundred 99 trillion 9 hundred 99 billion 9 hundred 99 million 9 hundred 90 thousand 9
Case 21: 9 hundred 99 trillion 9 hundred 99 billion 9 hundred million
Case 22: 9 hundred trillion 9 hundred 99
Case 23: 9 hundred 99 trillion 9 hundred 99 billion 9 hundred 99 million 9 hundred thousand
Case 24: 9 hundred 99 trillion 9 hundred 99 billion 9 hundred 99 million 9 hundred 99 thousand 9 hundred
Case 25: 9 hundred 99 trillion 9 hundred 99 billion 9 hundred 99 million 9 hundred 99 thousand 9 hundred 90
Case 26: 9 hundred trillion 9 million 9 hundred 99 thousand 9 hundred 99
